Traceback (most recent call last):
  File "/usr/share/miniconda/envs/taxcalc-dev/lib/python3.12/site-packages/jupyter_cache/executors/utils.py", line 58, in single_nb_execution
    executenb(
  File "/usr/share/miniconda/envs/taxcalc-dev/lib/python3.12/site-packages/nbclient/client.py", line 1323, in execute
    return NotebookClient(nb=nb, resources=resources, km=km, **kwargs).execute()
           ^^^^^^^^^^^^^^^^^^^^^^^^^^^^^^^^^^^^^^^^^^^^^^^^^^^^^^^^^^^^^^^^^^^^^
  File "/usr/share/miniconda/envs/taxcalc-dev/lib/python3.12/site-packages/jupyter_core/utils/__init__.py", line 165, in wrapped
    return loop.run_until_complete(inner)
           ^^^^^^^^^^^^^^^^^^^^^^^^^^^^^^
  File "/usr/share/miniconda/envs/taxcalc-dev/lib/python3.12/asyncio/base_events.py", line 691, in run_until_complete
    return future.result()
           ^^^^^^^^^^^^^^^
  File "/usr/share/miniconda/envs/taxcalc-dev/lib/python3.12/site-packages/nbclient/client.py", line 709, in async_execute
    await self.async_execute_cell(
  File "/usr/share/miniconda/envs/taxcalc-dev/lib/python3.12/site-packages/nbclient/client.py", line 1062, in async_execute_cell
    await self._check_raise_for_error(cell, cell_index, exec_reply)
  File "/usr/share/miniconda/envs/taxcalc-dev/lib/python3.12/site-packages/nbclient/client.py", line 918, in _check_raise_for_error
    raise CellExecutionError.from_cell_and_msg(cell, exec_reply_content)
nbclient.exceptions.CellExecutionError: An error occurred while executing the following cell:
------------------
import numpy as np
import taxcalc as tc


class Calculator(tc.Calculator):
    """
    Customized Calculator class that inherits all tc.Calculator data and
    methods, adding or overriding some to get the desired customization.
    """
    def __init__(self, policy=None, records=None, verbose=False,
                 sync_years=True, consumption=None,
                 # above are the tc.Calculator constructor arguments
                 # below is new constructor argument used in customization
                 colr_active=False):
        # call the parent class constructor
        super().__init__(policy=policy, records=records,
                         verbose=verbose, sync_years=sync_years,
                         consumption=consumption)
        # remember whether pseudo_COLR policy is active or not
        self.colr_active = colr_active
        # declare colr_param dictionary that will contain pseudo COLR policy
        self.colr_param = dict()

    def specify_pseudo_colr_policy(self):
        """
        Specify policy parameters for the COLR policy in the current_year.
        See use of these parameters below in the pseudo_colr_amount method.
        """
        # reform implementation year
        reform_year = 2020
        # specify dictionary of parameter names and values for reform_year
        self.colr_param = {
            # credit phase-in rate on earnings
            'COLR_rt': 1.0,
            # ceiling on refundable credit varies by filing-unit type, MARS
            'COLR_c': np.array([4000, 8000, 4000, 4000, 4000],
                               dtype=np.float64),
            # credit phase-out start AGI level varies by filing-unit type, MARS
            'COLR_ps': np.array([30000, 50000, 30000, 30000, 30000],
                                dtype=np.float64),
            # credit phase-out rate per dollar of AGI above COLR_ps level
            'COLR_prt': 0.2
        }
        # set pseudo COLR parameter values for current year
        this_year = self.current_year
        if self.colr_active and this_year >= reform_year:
            # set inflation-indexed values of COLR_c and COLR_ps for this year
            irates = self.__policy.inflation_rates()
            syr = tc.Policy.JSON_START_YEAR
            for name in ['COLR_c', 'COLR_ps']:
                value = self.colr_param[name]
                for year in range(reform_year, this_year):
                    value *= (1.0 + irates[year - syr])
                self.colr_param[name] = np.round(value, 2)  # to nearest penny
        else:  # if policy not active or if this year is before the reform year
            # set ceiling to zero
            self.colr_param['COLR_c'] = np.array([0.0, 0.0, 0.0, 0.0, 0.0],
                                                 dtype=np.float64)
        tracing = False  # set to True to see parameter values for this year
        if tracing:
            for name in self.colr_param:
                print('> {} {} {}'.format(
                    this_year, name, self.colr_param[name]
                ))

    def pseudo_colr_amount(self):
        """
        Calculate pseudo Cost-of-Living Refund amount.
        Note this is simply meant to illustrate a Python programming technique;
        this function does NOT calculate an exact Cost-of-Living Refund amount.
        See setting of parameters above in specify_pseudo_COLR_policy method.
        """
        recs = self.__records
        # create MARS-specific policy parameter arrays
        mars_indicators = [recs.MARS == 1, recs.MARS == 2, recs.MARS == 3,
                           recs.MARS == 4, recs.MARS == 5]
        colr_c = np.select(mars_indicators, self.colr_param['COLR_c'])
        colr_ps = np.select(mars_indicators, self.colr_param['COLR_ps'])
        colr_rt = self.colr_param['COLR_rt']
        colr_prt = self.colr_param['COLR_prt']
        # compute colr_amt
        amt_pre_phaseout = np.minimum(recs.e00200 * colr_rt, colr_c)
        phaseout = np.maximum((recs.c00100 - colr_ps) * colr_prt, 0.)
        colr_amt = np.maximum(amt_pre_phaseout - phaseout, 0.)
        setattr(recs, 'colr_amount', colr_amt)
        # reduce income and combined taxes because COLR is a refundable credit
        recs.iitax -= colr_amt
        recs.combined -= colr_amt
        # delete local arrays used only in this method
        del mars_indicators
        del colr_c
        del colr_ps
        del amt_pre_phaseout
        del phaseout
        del colr_amt

    def calc_all(self, zero_out_calc_vars=False):
        """
        Call all tax-calculation functions for the current_year.
        """
        tc.BenefitPrograms(self)
        self._calc_one_year(zero_out_calc_vars)
        tc.FairShareTax(self.__policy, self.__records)
        tc.LumpSumTax(self.__policy, self.__records)
        # specify new method to set pseudo COLR policy parameters
        self.specify_pseudo_colr_policy()  # (see above)
        # call new method to calculate pseudo COLR amount
        self.pseudo_colr_amount()  # (see above)
        tc.ExpandIncome(self.__policy, self.__records)
        tc.AfterTaxIncome(self.__policy, self.__records)

# end of customized Calculator class definition


# top-level logic of program that uses customized Calculator class

policy1 = tc.Policy()  # baseline policy is current-law policy
policy2 = tc.Policy()  # parametric reform, reformC.json, eliminates EITC

# TODO: Move to the web so this can be done standalone.
policy2.implement_reform(tc.Policy.read_json_reform('github://PSLmodels:Tax-Calculator@master/docs/recipes/_static/reformC.json'))

# specify customized Calculator objects for baseline and reform:
#   baseline calc1 uses policy1 (current-law) and colr_active=False
#   reform calc2 uses policy2 (no EITC) and colr_active=True
cps_records = tc.Records.cps_constructor()
calc1 = Calculator(policy=policy1, records=cps_records, colr_active=False)
calc2 = Calculator(policy=policy2, records=cps_records, colr_active=True)

# calculate tax liabilities for years around the reform year
CYR_FIRST = 2019
CYR_LAST = 2022
for cyr in range(CYR_FIRST, CYR_LAST + 1):
    # advance to and calculate for specified cyr
    calc1.advance_to_year(cyr)
    calc1.calc_all()
    calc2.advance_to_year(cyr)
    calc2.calc_all()
    # tabulate weighted amounts
    funits = calc1.total_weight()
    itax1 = calc1.weighted_total('iitax')
    itax2 = calc2.weighted_total('iitax')
    eitc1 = calc1.weighted_total('eitc')
    eitc2 = calc2.weighted_total('eitc')
    colr1 = calc1.weighted_total('colr_amount')
    colr2 = calc2.weighted_total('colr_amount')
    # print weighted amounts for cyr
    if cyr == CYR_FIRST:
        print('YEAR  UNITS   ITAX1   ITAX2  EITC1  EITC2  COLR1  COLR2')
    line = '{}  {:.1f}  {:.1f}  {:.1f}  {:5.1f}  {:5.1f}  {:5.1f}  {:5.1f}'
    print(line.format(cyr, funits * 1e-6,
                      itax1 * 1e-9, itax2 * 1e-9,
                      eitc1 * 1e-9, eitc2 * 1e-9,
                      colr1 * 1e-9, colr2 * 1e-9))
------------------


[31m---------------------------------------------------------------------------[39m
[31mHTTPError[39m                                 Traceback (most recent call last)
[36mCell[39m[36m [39m[32mIn[2][39m[32m, line 121[39m
[32m    117[39m policy1 = tc.Policy()  [38;5;66;03m# baseline policy is current-law policy[39;00m
[32m    118[39m policy2 = tc.Policy()  [38;5;66;03m# parametric reform, reformC.json, eliminates EITC[39;00m
[32m    119[39m 
[32m    120[39m [38;5;66;03m# TODO: Move to the web so this can be done standalone.[39;00m
[32m--> [39m[32m121[39m policy2.implement_reform(tc.Policy.read_json_reform([33m'github://PSLmodels:Tax-Calculator@master/docs/recipes/_static/reformC.json'[39m))
[32m    122[39m 
[32m    123[39m [38;5;66;03m# specify customized Calculator objects for baseline and reform:[39;00m
[32m    124[39m [38;5;66;03m#   baseline calc1 uses policy1 (current-law) and colr_active=False[39;00m

[36mFile [39m[32m~/work/Tax-Calculator/Tax-Calculator/taxcalc/policy.py:192[39m, in [36mPolicy.read_json_reform[39m[34m(obj)[39m
[32m    184[39m [38;5;129m@staticmethod[39m
[32m    185[39m [38;5;28;01mdef[39;00m[38;5;250m [39m[34mread_json_reform[39m(obj):
[32m    186[39m [38;5;250m    [39m[33;03m"""[39;00m
[32m    187[39m [33;03m    Return a reform dictionary suitable for use with implement_reform[39;00m
[32m    188[39m [33;03m    method generated from the specified JSON object, which can be None or[39;00m
[32m    189[39m [33;03m    a string containing a local filename, a URL beginning with 'http'[39;00m
[32m    190[39m [33;03m    pointing to a valid JSON file hosted online, or a valid JSON text.[39;00m
[32m    191[39m [33;03m    """[39;00m
[32m--> [39m[32m192[39m     [38;5;28;01mreturn[39;00m [30;43mParameters[39;49m[30;43m.[39;49m[30;43m_read_json_revision[39;49m[30;43m([39;49m[30;43mobj[39;49m[30;43m,[39;49m[30;43m [39;49m[30;43m'[39;49m[30;43mpolicy[39;49m[30;43m'[39;49m[30;43m)[39;49m

[36mFile [39m[32m~/work/Tax-Calculator/Tax-Calculator/taxcalc/parameters.py:760[39m, in [36mParameters._read_json_revision[39m[34m(obj, topkey)[39m
[32m    757[39m [38;5;28;01mif[39;00m obj [38;5;129;01mis[39;00m [38;5;28;01mNone[39;00m:
[32m    758[39m     [38;5;28;01mreturn[39;00m {}
[32m--> [39m[32m760[39m full_dict = [30;43mparamtools[39;49m[30;43m.[39;49m[30;43mread_json[39;49m[30;43m([39;49m[30;43mobj[39;49m[30;43m)[39;49m
[32m    762[39m [38;5;66;03m# check top-level key contents of dictionary[39;00m
[32m    763[39m [38;5;28;01mif[39;00m topkey [38;5;129;01min[39;00m full_dict.keys():

[36mFile [39m[32m/usr/share/miniconda/envs/taxcalc-dev/lib/python3.12/site-packages/paramtools/utils.py:105[39m, in [36mread_json[39m[34m(params_or_path, storage_options)[39m
[32m     89[39m [38;5;28;01mdef[39;00m[38;5;250m [39m[34mread_json[39m(
[32m     90[39m     params_or_path: FileDictStringLike,
[32m     91[39m     storage_options: Optional[Dict[[38;5;28mstr[39m, Any]] = [38;5;28;01mNone[39;00m,
[32m     92[39m ):
[32m     93[39m [38;5;250m    [39m[33;03m"""[39;00m
[32m     94[39m [33;03m    Read JSON data of the form:[39;00m
[32m     95[39m [33;03m    - Dict.[39;00m
[32m   (...)[39m[32m    103[39m 
[32m    104[39m [33;03m    """[39;00m
[32m--> [39m[32m105[39m     res = [30;43m_read[39;49m[30;43m([39;49m[30;43mparams_or_path[39;49m[30;43m,[39;49m[30;43m [39;49m[30;43mstorage_options[39;49m[30;43m)[39;49m
[32m    106[39m     [38;5;28;01mif[39;00m [38;5;28misinstance[39m(res, [38;5;28mstr[39m):
[32m    107[39m         [38;5;28;01mtry[39;00m:

[36mFile [39m[32m/usr/share/miniconda/envs/taxcalc-dev/lib/python3.12/site-packages/paramtools/utils.py:50[39m, in [36m_read[39m[34m(params_or_path, storage_options)[39m
[32m     47[39m         [38;5;28;01mreturn[39;00m f.read()
[32m     49[39m [38;5;28;01mif[39;00m [38;5;28misinstance[39m(params_or_path, [38;5;28mstr[39m) [38;5;129;01mand[39;00m _is_url(params_or_path):
[32m---> [39m[32m50[39m [30;43m    [39;49m[30;43;01mwith[39;49;00m[30;43m [39;49m[30;43mfsspec[39;49m[30;43m.[39;49m[30;43mopen[39;49m[30;43m([39;49m[30;43mparams_or_path[39;49m[30;43m,[39;49m[30;43m [39;49m[30;43m"[39;49m[30;43mr[39;49m[30;43m"[39;49m[30;43m,[39;49m[30;43m [39;49m[30;43m*[39;49m[30;43m*[39;49m[30;43m([39;49m[30;43mstorage_options[39;49m[30;43m [39;49m[30;43;01mor[39;49;00m[30;43m [39;49m[30;43m{[39;49m[30;43m}[39;49m[30;43m)[39;49m[30;43m)[39;49m[30;43m [39;49m[30;43;01mas[39;49;00m[30;43m [39;49m[30;43mf[39;49m[30;43m:[39;49m
[32m     51[39m [30;43m        [39;49m[30;43;01mreturn[39;49;00m[30;43m [39;49m[30;43mf[39;49m[30;43m.[39;49m[30;43mread[39;49m[30;43m([39;49m[30;43m)[39;49m
[32m     53[39m [38;5;28;01mif[39;00m [38;5;28misinstance[39m(params_or_path, [38;5;28mstr[39m):

[36mFile [39m[32m/usr/share/miniconda/envs/taxcalc-dev/lib/python3.12/site-packages/fsspec/core.py:105[39m, in [36mOpenFile.__enter__[39m[34m(self)[39m
[32m    102[39m mode = [38;5;28mself[39m.mode.replace([33m"[39m[33mt[39m[33m"[39m, [33m"[39m[33m"[39m).replace([33m"[39m[33mb[39m[33m"[39m, [33m"[39m[33m"[39m) + [33m"[39m[33mb[39m[33m"[39m
[32m    104[39m [38;5;28;01mtry[39;00m:
[32m--> [39m[32m105[39m     f = [30;43mself[39;49m[30;43m.[39;49m[30;43mfs[39;49m[30;43m.[39;49m[30;43mopen[39;49m[30;43m([39;49m[30;43mself[39;49m[30;43m.[39;49m[30;43mpath[39;49m[30;43m,[39;49m[30;43m [39;49m[30;43mmode[39;49m[30;43m=[39;49m[30;43mmode[39;49m[30;43m)[39;49m
[32m    106[39m [38;5;28;01mexcept[39;00m [38;5;167;01mFileNotFoundError[39;00m [38;5;28;01mas[39;00m e:
[32m    107[39m     [38;5;28;01mif[39;00m has_magic([38;5;28mself[39m.path):

[36mFile [39m[32m/usr/share/miniconda/envs/taxcalc-dev/lib/python3.12/site-packages/fsspec/spec.py:1405[39m, in [36mAbstractFileSystem.open[39m[34m(self, path, mode, block_size, cache_options, compression, **kwargs)[39m
[32m   1403[39m [38;5;28;01melse[39;00m:
[32m   1404[39m     ac = kwargs.pop([33m"[39m[33mautocommit[39m[33m"[39m, [38;5;129;01mnot[39;00m [38;5;28mself[39m._intrans)
[32m-> [39m[32m1405[39m     f = [30;43mself[39;49m[30;43m.[39;49m[30;43m_open[39;49m[30;43m([39;49m
[32m   1406[39m [30;43m        [39;49m[30;43mpath[39;49m[30;43m,[39;49m
[32m   1407[39m [30;43m        [39;49m[30;43mmode[39;49m[30;43m=[39;49m[30;43mmode[39;49m[30;43m,[39;49m
[32m   1408[39m [30;43m        [39;49m[30;43mblock_size[39;49m[30;43m=[39;49m[30;43mblock_size[39;49m[30;43m,[39;49m
[32m   1409[39m [30;43m        [39;49m[30;43mautocommit[39;49m[30;43m=[39;49m[30;43mac[39;49m[30;43m,[39;49m
[32m   1410[39m [30;43m        [39;49m[30;43mcache_options[39;49m[30;43m=[39;49m[30;43mcache_options[39;49m[30;43m,[39;49m
[32m   1411[39m [30;43m        [39;49m[30;43m*[39;49m[30;43m*[39;49m[30;43mkwargs[39;49m[30;43m,[39;49m
[32m   1412[39m [30;43m    [39;49m[30;43m)[39;49m
[32m   1413[39m     [38;5;28;01mif[39;00m compression [38;5;129;01mis[39;00m [38;5;129;01mnot[39;00m [38;5;28;01mNone[39;00m:
[32m   1414[39m         [38;5;28;01mfrom[39;00m[38;5;250m [39m[34;01mfsspec[39;00m[34;01m.[39;00m[34;01mcompression[39;00m[38;5;250m [39m[38;5;28;01mimport[39;00m compr

[36mFile [39m[32m/usr/share/miniconda/envs/taxcalc-dev/lib/python3.12/site-packages/fsspec/implementations/github.py:238[39m, in [36mGithubFileSystem._open[39m[34m(self, path, mode, block_size, cache_options, sha, **kwargs)[39m
[32m    236[39m [38;5;28;01mif[39;00m r.status_code == [32m404[39m:
[32m    237[39m     [38;5;28;01mraise[39;00m [38;5;167;01mFileNotFoundError[39;00m(path)
[32m--> [39m[32m238[39m [30;43mr[39;49m[30;43m.[39;49m[30;43mraise_for_status[39;49m[30;43m([39;49m[30;43m)[39;49m
[32m    239[39m content_json = r.json()
[32m    241[39m [38;5;66;03m# if the response's content key is not empty, try to parse it as base64[39;00m

[36mFile [39m[32m/usr/share/miniconda/envs/taxcalc-dev/lib/python3.12/site-packages/requests/models.py:1167[39m, in [36mResponse.raise_for_status[39m[34m(self)[39m
[32m   1162[39m     http_error_msg = (
[32m   1163[39m         [33mf[39m[33m"[39m[38;5;132;01m{[39;00m[38;5;28mself[39m.status_code[38;5;132;01m}[39;00m[33m Server Error: [39m[38;5;132;01m{[39;00mreason[38;5;132;01m}[39;00m[33m for url: [39m[38;5;132;01m{[39;00m[38;5;28mself[39m.url[38;5;132;01m}[39;00m[33m"[39m
[32m   1164[39m     )
[32m   1166[39m [38;5;28;01mif[39;00m http_error_msg:
[32m-> [39m[32m1167[39m     [38;5;28;01mraise[39;00m HTTPError(http_error_msg, response=[38;5;28mself[39m)

[31mHTTPError[39m: 403 Client Error: rate limit exceeded for url: https://api.github.com/repos/PSLmodels/Tax-Calculator/contents/docs/recipes/_static/reformC.json?ref=master

